1/240 chain N=16 smooth seed=419: nrmse=8.647572439814722e-10 wall=1.1831567082554102
2/240 chain N=16 smooth seed=421: nrmse=1.0496264978139256e-09 wall=1.184588166885078
3/240 chain N=16 smooth seed=431: nrmse=7.196604006716812e-10 wall=1.1728201671503484
4/240 chain N=16 smooth seed=433: nrmse=1.0583814148526874e-09 wall=1.153931625187397
5/240 chain N=16 smooth seed=439: nrmse=1.3237430663946924e-09 wall=1.1605736250057817
6/240 chain N=16 sparse_pulse seed=419: nrmse=6.436458033575708e-10 wall=1.3704598331823945
7/240 chain N=16 sparse_pulse seed=421: nrmse=1.1641663917966751e-09 wall=1.4157883748412132
8/240 chain N=16 sparse_pulse seed=431: nrmse=7.511939931376343e-10 wall=1.3771927920170128
9/240 chain N=16 sparse_pulse seed=433: nrmse=1.045634041693251e-09 wall=1.3510667919181287
10/240 chain N=16 sparse_pulse seed=439: nrmse=1.2303151103503578e-09 wall=1.3739286661148071
11/240 chain N=16 dense_burst seed=419: nrmse=1.1965678977073255e-09 wall=2.513917375355959
12/240 chain N=16 dense_burst seed=421: nrmse=1.167302908204645e-09 wall=2.686342458240688
13/240 chain N=16 dense_burst seed=431: nrmse=8.879888986230828e-10 wall=2.337022833991796
14/240 chain N=16 dense_burst seed=433: nrmse=1.0476157646249584e-09 wall=2.2393494159914553
15/240 chain N=16 dense_burst seed=439: nrmse=1.2536521264004325e-09 wall=2.640509583055973
16/240 chain N=16 state_switch seed=419: nrmse=6.936766510281662e-10 wall=1.513403917197138
17/240 chain N=16 state_switch seed=421: nrmse=1.1849052689849574e-09 wall=1.5415711249224842
18/240 chain N=16 state_switch seed=431: nrmse=7.727040589295767e-10 wall=1.4823040831834078
19/240 chain N=16 state_switch seed=433: nrmse=1.052464797706833e-09 wall=1.4497146657668054
20/240 chain N=16 state_switch seed=439: nrmse=1.2384385125531483e-09 wall=1.5590920830145478
21/240 chain N=64 smooth seed=419: nrmse=8.622821871986019e-10 wall=4.853350665885955
22/240 chain N=64 smooth seed=421: nrmse=8.756319835193845e-10 wall=4.788315207697451
23/240 chain N=64 smooth seed=431: nrmse=8.485593250861286e-10 wall=4.815825249999762
24/240 chain N=64 smooth seed=433: nrmse=1.1104570373753677e-09 wall=4.794861708767712
25/240 chain N=64 smooth seed=439: nrmse=1.0256238301161462e-09 wall=4.7486826670356095
26/240 chain N=64 sparse_pulse seed=419: nrmse=9.376920586211273e-10 wall=5.526993500068784
27/240 chain N=64 sparse_pulse seed=421: nrmse=1.1140756340936783e-09 wall=5.719989540986717
28/240 chain N=64 sparse_pulse seed=431: nrmse=1.040887017994034e-09 wall=5.591494916938245
29/240 chain N=64 sparse_pulse seed=433: nrmse=1.1604228628039602e-09 wall=5.5980338752269745
30/240 chain N=64 sparse_pulse seed=439: nrmse=1.0134443880797933e-09 wall=5.553082667291164
31/240 chain N=64 dense_burst seed=419: nrmse=1.0180266299607945e-09 wall=8.90188774978742
32/240 chain N=64 dense_burst seed=421: nrmse=1.5060996847401684e-09 wall=9.99969141697511
33/240 chain N=64 dense_burst seed=431: nrmse=1.4434648864030826e-09 wall=9.280145249795169
34/240 chain N=64 dense_burst seed=433: nrmse=1.226887179837928e-09 wall=9.259617834351957
35/240 chain N=64 dense_burst seed=439: nrmse=1.036652992131002e-09 wall=9.209150500129908
36/240 chain N=64 state_switch seed=419: nrmse=9.812577675606272e-10 wall=5.737885041162372
37/240 chain N=64 state_switch seed=421: nrmse=9.567935241196437e-10 wall=5.8673844169825315
38/240 chain N=64 state_switch seed=431: nrmse=9.304963205154339e-10 wall=5.807411499787122
39/240 chain N=64 state_switch seed=433: nrmse=1.1923059987162843e-09 wall=5.83145683305338
40/240 chain N=64 state_switch seed=439: nrmse=1.0530618791148077e-09 wall=5.804854833055288
41/240 chain N=128 smooth seed=419: nrmse=1.178747833835012e-09 wall=9.602612916845828
42/240 chain N=128 smooth seed=421: nrmse=1.1155133263424749e-09 wall=9.49239741684869
43/240 chain N=128 smooth seed=431: nrmse=1.242940733957827e-09 wall=9.474689249880612
44/240 chain N=128 smooth seed=433: nrmse=7.075838276470409e-10 wall=9.45866149989888
45/240 chain N=128 smooth seed=439: nrmse=8.074658406258962e-10 wall=9.758189542219043
46/240 chain N=128 sparse_pulse seed=419: nrmse=1.2883072172953552e-09 wall=10.879758167080581
47/240 chain N=128 sparse_pulse seed=421: nrmse=1.173538043412278e-09 wall=10.823547874577343
48/240 chain N=128 sparse_pulse seed=431: nrmse=1.2866483178128032e-09 wall=10.863273875322193
49/240 chain N=128 sparse_pulse seed=433: nrmse=7.271256737990932e-10 wall=10.81731537496671
50/240 chain N=128 sparse_pulse seed=439: nrmse=1.0824919004355053e-09 wall=10.928324834443629
51/240 chain N=128 dense_burst seed=419: nrmse=1.5781736121112612e-09 wall=17.91463933279738
52/240 chain N=128 dense_burst seed=421: nrmse=1.2751418598109673e-09 wall=17.435973624698818
53/240 chain N=128 dense_burst seed=431: nrmse=1.3968357172246706e-09 wall=17.28746029175818
54/240 chain N=128 dense_burst seed=433: nrmse=7.633260120874293e-10 wall=17.377662416081876
55/240 chain N=128 dense_burst seed=439: nrmse=1.4391917074310566e-09 wall=17.47530349995941
56/240 chain N=128 state_switch seed=419: nrmse=1.2311680946492894e-09 wall=11.351836750283837
57/240 chain N=128 state_switch seed=421: nrmse=1.1517345813198972e-09 wall=11.393276374787092
58/240 chain N=128 state_switch seed=431: nrmse=1.28509601825188e-09 wall=11.497978082858026
59/240 chain N=128 state_switch seed=433: nrmse=7.526169788753381e-10 wall=11.470887000206858
60/240 chain N=128 state_switch seed=439: nrmse=9.10756797041275e-10 wall=11.430792875122279
61/240 star N=16 smooth seed=419: nrmse=3.8196164054899006e-10 wall=1.7872225418686867
62/240 star N=16 smooth seed=421: nrmse=1.833951426015445e-10 wall=1.6719266246072948
63/240 star N=16 smooth seed=431: nrmse=3.094154190788309e-11 wall=1.6754238749854267
64/240 star N=16 smooth seed=433: nrmse=1.6046899125523892e-09 wall=1.7475790418684483
65/240 star N=16 smooth seed=439: nrmse=1.8491330939661318e-10 wall=1.7769607501104474
66/240 star N=16 sparse_pulse seed=419: nrmse=3.952857778454076e-10 wall=2.28114083269611
67/240 star N=16 sparse_pulse seed=421: nrmse=1.2291800574262797e-10 wall=2.1179510420188308
68/240 star N=16 sparse_pulse seed=431: nrmse=9.507301699019576e-11 wall=2.118844916112721
69/240 star N=16 sparse_pulse seed=433: nrmse=3.974327257649529e-10 wall=2.277570624835789
70/240 star N=16 sparse_pulse seed=439: nrmse=1.230199741210123e-10 wall=2.1743361661210656
71/240 star N=16 dense_burst seed=419: nrmse=6.642518783429766e-10 wall=6.940968333277851
72/240 star N=16 dense_burst seed=421: nrmse=2.305955446562925e-10 wall=7.057611874770373
73/240 star N=16 dense_burst seed=431: nrmse=6.319864275740877e-10 wall=6.4131540837697685
74/240 star N=16 dense_burst seed=433: nrmse=4.0006155041039024e-10 wall=7.3778477078303695
75/240 star N=16 dense_burst seed=439: nrmse=1.4772074062566333e-10 wall=6.953383999876678
76/240 star N=16 state_switch seed=419: nrmse=5.505990741543388e-10 wall=3.0867621251381934
77/240 star N=16 state_switch seed=421: nrmse=1.2188682183219244e-09 wall=3.040068083908409
78/240 star N=16 state_switch seed=431: nrmse=3.032796687026548e-10 wall=2.78420945815742
79/240 star N=16 state_switch seed=433: nrmse=4.167850139735584e-10 wall=3.068673042114824
80/240 star N=16 state_switch seed=439: nrmse=1.463022463325209e-10 wall=2.9916725419461727
81/240 star N=64 smooth seed=419: nrmse=1.4757502450111032e-10 wall=6.684296375140548
82/240 star N=64 smooth seed=421: nrmse=6.054837195406165e-11 wall=6.805960500147194
83/240 star N=64 smooth seed=431: nrmse=3.954485385867249e-09 wall=6.6839860416948795
84/240 star N=64 smooth seed=433: nrmse=1.1729047422398988e-11 wall=6.745108583942056
85/240 star N=64 smooth seed=439: nrmse=1.1378234355607514e-11 wall=6.74697345867753
86/240 star N=64 sparse_pulse seed=419: nrmse=4.3928899240982444e-10 wall=8.192509999964386
87/240 star N=64 sparse_pulse seed=421: nrmse=9.001604128527853e-11 wall=8.405387583188713
88/240 star N=64 sparse_pulse seed=431: nrmse=4.230118715072278e-09 wall=8.168052833992988
89/240 star N=64 sparse_pulse seed=433: nrmse=7.523175814384088e-11 wall=8.417941332794726
90/240 star N=64 sparse_pulse seed=439: nrmse=1.0346891714472797e-10 wall=8.415231917053461
91/240 star N=64 dense_burst seed=419: nrmse=5.124561341035563e-10 wall=25.601119792088866
92/240 star N=64 dense_burst seed=421: nrmse=3.3043641378520793e-10 wall=24.930872374679893
93/240 star N=64 dense_burst seed=431: nrmse=4.2634849884279e-09 wall=25.26661525014788
94/240 star N=64 dense_burst seed=433: nrmse=2.97522828243843e-10 wall=26.484710124786943
95/240 star N=64 dense_burst seed=439: nrmse=2.680931307492102e-10 wall=24.65033575007692
96/240 star N=64 state_switch seed=419: nrmse=1.970466036302407e-10 wall=11.430870208889246
97/240 star N=64 state_switch seed=421: nrmse=2.5307364123690935e-10 wall=11.42459520790726
98/240 star N=64 state_switch seed=431: nrmse=4.2599202558636675e-09 wall=11.236018999945372
99/240 star N=64 state_switch seed=433: nrmse=1.6204621907700356e-10 wall=11.907743250019848
100/240 star N=64 state_switch seed=439: nrmse=1.7114860568230385e-10 wall=11.298379041720182
101/240 star N=128 smooth seed=419: nrmse=1.931639292368825e-12 wall=13.542304332833737
102/240 star N=128 smooth seed=421: nrmse=4.4841811219102575e-11 wall=13.746626541018486
103/240 star N=128 smooth seed=431: nrmse=5.2968633235368594e-11 wall=13.51668733311817
104/240 star N=128 smooth seed=433: nrmse=6.937726591074223e-11 wall=13.430076166056097
105/240 star N=128 smooth seed=439: nrmse=1.0292318558600643e-11 wall=13.545848208013922
106/240 star N=128 sparse_pulse seed=419: nrmse=6.879493594772725e-11 wall=16.340055166743696
107/240 star N=128 sparse_pulse seed=421: nrmse=1.1634002963564974e-10 wall=16.941498375032097
108/240 star N=128 sparse_pulse seed=431: nrmse=1.5219944727134186e-10 wall=16.07365358294919
109/240 star N=128 sparse_pulse seed=433: nrmse=1.360136029074485e-10 wall=16.22528462484479
110/240 star N=128 sparse_pulse seed=439: nrmse=1.191081310198709e-10 wall=16.39166725007817
111/240 star N=128 dense_burst seed=419: nrmse=2.5204496723432276e-10 wall=46.02037229062989
112/240 star N=128 dense_burst seed=421: nrmse=2.373966325467935e-10 wall=51.551665166858584
113/240 star N=128 dense_burst seed=431: nrmse=3.6206075506918755e-10 wall=42.228442625142634
114/240 star N=128 dense_burst seed=433: nrmse=2.1816803629809721e-10 wall=43.19457733305171
115/240 star N=128 dense_burst seed=439: nrmse=2.913754513553109e-10 wall=49.23627220885828
116/240 star N=128 state_switch seed=419: nrmse=1.0599740659810997e-10 wall=21.860838250257075
117/240 star N=128 state_switch seed=421: nrmse=1.4678873498509495e-10 wall=23.535425292328
118/240 star N=128 state_switch seed=431: nrmse=1.6786782275657613e-10 wall=20.681230999995023
119/240 star N=128 state_switch seed=433: nrmse=1.2948209156204526e-10 wall=21.067813667003065
120/240 star N=128 state_switch seed=439: nrmse=1.5183169891530866e-10 wall=22.97904000012204
121/240 feedback_ring N=16 smooth seed=419: nrmse=4.3399381923539816e-10 wall=1.7334188749082386
122/240 feedback_ring N=16 smooth seed=421: nrmse=6.510309849614665e-10 wall=1.744049834087491
123/240 feedback_ring N=16 smooth seed=431: nrmse=7.326556243544233e-10 wall=1.6903488752432168
124/240 feedback_ring N=16 smooth seed=433: nrmse=5.403062435674943e-10 wall=1.6884387503378093
125/240 feedback_ring N=16 smooth seed=439: nrmse=7.265360387087394e-10 wall=1.6963064591400325
126/240 feedback_ring N=16 sparse_pulse seed=419: nrmse=6.905372085000909e-10 wall=2.1590337501838803
127/240 feedback_ring N=16 sparse_pulse seed=421: nrmse=1.2529901870537235e-09 wall=2.2816209592856467
128/240 feedback_ring N=16 sparse_pulse seed=431: nrmse=1.5177934866287967e-09 wall=2.1720139998942614
129/240 feedback_ring N=16 sparse_pulse seed=433: nrmse=1.2083745420060091e-09 wall=2.151438749860972
130/240 feedback_ring N=16 sparse_pulse seed=439: nrmse=7.590070348452359e-10 wall=2.202098041307181
131/240 feedback_ring N=16 dense_burst seed=419: nrmse=1.0614723943931398e-09 wall=4.663408999796957
132/240 feedback_ring N=16 dense_burst seed=421: nrmse=2.040728588949589e-09 wall=5.116681333631277
133/240 feedback_ring N=16 dense_burst seed=431: nrmse=3.0175218569448354e-09 wall=4.3958150004036725
134/240 feedback_ring N=16 dense_burst seed=433: nrmse=2.0560105865114185e-09 wall=4.501426792237908
135/240 feedback_ring N=16 dense_burst seed=439: nrmse=7.646512583633432e-10 wall=4.81062095798552
136/240 feedback_ring N=16 state_switch seed=419: nrmse=6.803439176268934e-10 wall=2.4243850000202656
137/240 feedback_ring N=16 state_switch seed=421: nrmse=8.685707370876591e-10 wall=2.440487999934703
138/240 feedback_ring N=16 state_switch seed=431: nrmse=7.960763250372184e-10 wall=2.2880285000428557
139/240 feedback_ring N=16 state_switch seed=433: nrmse=5.383927062743794e-10 wall=2.283388250041753
140/240 feedback_ring N=16 state_switch seed=439: nrmse=7.856501686647159e-10 wall=2.378530082758516
141/240 feedback_ring N=64 smooth seed=419: nrmse=4.218011665725389e-10 wall=6.779093749821186
142/240 feedback_ring N=64 smooth seed=421: nrmse=7.314925830760227e-10 wall=6.736794415861368
143/240 feedback_ring N=64 smooth seed=431: nrmse=6.982737245651095e-10 wall=6.733783042058349
144/240 feedback_ring N=64 smooth seed=433: nrmse=7.824846064324678e-10 wall=6.9261094578541815
145/240 feedback_ring N=64 smooth seed=439: nrmse=6.427635769077831e-10 wall=6.779227334074676
146/240 feedback_ring N=64 sparse_pulse seed=419: nrmse=8.832271500534204e-10 wall=8.24323504185304
147/240 feedback_ring N=64 sparse_pulse seed=421: nrmse=1.1429779117022367e-09 wall=8.35766087519005
148/240 feedback_ring N=64 sparse_pulse seed=431: nrmse=9.33630104299447e-10 wall=8.508173333015293
149/240 feedback_ring N=64 sparse_pulse seed=433: nrmse=1.5065830662957254e-09 wall=8.577734292019159
150/240 feedback_ring N=64 sparse_pulse seed=439: nrmse=1.2361346298290804e-09 wall=8.665433125104755
151/240 feedback_ring N=64 dense_burst seed=419: nrmse=1.4818759882359662e-09 wall=14.922538542188704
152/240 feedback_ring N=64 dense_burst seed=421: nrmse=1.7865787039205e-09 wall=15.67145562497899
153/240 feedback_ring N=64 dense_burst seed=431: nrmse=1.3735220938848848e-09 wall=16.510824790690094
154/240 feedback_ring N=64 dense_burst seed=433: nrmse=2.0717211904759383e-09 wall=16.79091416625306
155/240 feedback_ring N=64 dense_burst seed=439: nrmse=1.7746972962790596e-09 wall=17.273615750018507
156/240 feedback_ring N=64 state_switch seed=419: nrmse=6.305352935043211e-10 wall=8.76794133335352
157/240 feedback_ring N=64 state_switch seed=421: nrmse=1.415563367603408e-09 wall=8.772053875029087
158/240 feedback_ring N=64 state_switch seed=431: nrmse=7.841237779203136e-10 wall=8.847274166997522
159/240 feedback_ring N=64 state_switch seed=433: nrmse=1.013211800316534e-09 wall=9.056408375035971
160/240 feedback_ring N=64 state_switch seed=439: nrmse=8.363600494010458e-10 wall=9.032577792182565
161/240 feedback_ring N=128 smooth seed=419: nrmse=5.349872595238565e-10 wall=13.732559749856591
162/240 feedback_ring N=128 smooth seed=421: nrmse=2.750538389721652e-10 wall=13.625328792259097
163/240 feedback_ring N=128 smooth seed=431: nrmse=3.571793468350083e-10 wall=13.702584292273968
164/240 feedback_ring N=128 smooth seed=433: nrmse=5.015818576146916e-10 wall=13.562789791729301
165/240 feedback_ring N=128 smooth seed=439: nrmse=4.417623847181467e-10 wall=13.685451082885265
166/240 feedback_ring N=128 sparse_pulse seed=419: nrmse=1.0627727260349972e-09 wall=16.563924875110388
167/240 feedback_ring N=128 sparse_pulse seed=421: nrmse=1.0379751162861292e-09 wall=16.56630416586995
168/240 feedback_ring N=128 sparse_pulse seed=431: nrmse=1.6167138978081779e-09 wall=16.495381833985448
169/240 feedback_ring N=128 sparse_pulse seed=433: nrmse=1.382457167984658e-09 wall=16.791918540839106
170/240 feedback_ring N=128 sparse_pulse seed=439: nrmse=1.2423345940631277e-09 wall=16.418739208951592
171/240 feedback_ring N=128 dense_burst seed=419: nrmse=1.7419590321053625e-09 wall=30.969083208125085
172/240 feedback_ring N=128 dense_burst seed=421: nrmse=1.6400734898825587e-09 wall=31.1338105420582
173/240 feedback_ring N=128 dense_burst seed=431: nrmse=2.606667965482391e-09 wall=30.396214332897216
174/240 feedback_ring N=128 dense_burst seed=433: nrmse=2.146909851425359e-09 wall=30.223776957951486
175/240 feedback_ring N=128 dense_burst seed=439: nrmse=2.069752244904353e-09 wall=30.55296191619709
176/240 feedback_ring N=128 state_switch seed=419: nrmse=6.866258341621661e-10 wall=17.42432633275166
177/240 feedback_ring N=128 state_switch seed=421: nrmse=6.687730289092428e-10 wall=17.524108707904816
178/240 feedback_ring N=128 state_switch seed=431: nrmse=6.5681242848004e-10 wall=17.39773862529546
179/240 feedback_ring N=128 state_switch seed=433: nrmse=5.721763346679624e-10 wall=17.559017417021096
180/240 feedback_ring N=128 state_switch seed=439: nrmse=1.1859509497594498e-09 wall=17.346667292062193
181/240 modular_sparse N=16 smooth seed=419: nrmse=3.0948384185638985e-10 wall=2.61538437474519
182/240 modular_sparse N=16 smooth seed=421: nrmse=1.402833959247996e-10 wall=2.5055787921883166
183/240 modular_sparse N=16 smooth seed=431: nrmse=2.5800297487005794e-10 wall=2.6818238333798945
184/240 modular_sparse N=16 smooth seed=433: nrmse=8.438805683940104e-11 wall=2.5540709998458624
185/240 modular_sparse N=16 smooth seed=439: nrmse=8.367937102352996e-10 wall=2.5379625842906535
186/240 modular_sparse N=16 sparse_pulse seed=419: nrmse=1.001985149992907e-09 wall=3.404769083019346
187/240 modular_sparse N=16 sparse_pulse seed=421: nrmse=1.3060142282903618e-09 wall=3.3044025423005223
188/240 modular_sparse N=16 sparse_pulse seed=431: nrmse=1.148391394645877e-09 wall=3.4443693752400577
189/240 modular_sparse N=16 sparse_pulse seed=433: nrmse=1.3365904708366703e-09 wall=3.4104473749175668
190/240 modular_sparse N=16 sparse_pulse seed=439: nrmse=9.1064139982301e-10 wall=3.5062172496691346
191/240 modular_sparse N=16 dense_burst seed=419: nrmse=1.242748610914112e-09 wall=8.785960709210485
192/240 modular_sparse N=16 dense_burst seed=421: nrmse=2.507052512869974e-09 wall=8.135402332991362
193/240 modular_sparse N=16 dense_burst seed=431: nrmse=1.8313747406363185e-09 wall=7.581672083120793
194/240 modular_sparse N=16 dense_burst seed=433: nrmse=2.41206201674781e-09 wall=8.200435500126332
195/240 modular_sparse N=16 dense_burst seed=439: nrmse=1.3846413233880507e-09 wall=8.773653792217374
196/240 modular_sparse N=16 state_switch seed=419: nrmse=1.2004043925912421e-09 wall=3.9846697920002043
197/240 modular_sparse N=16 state_switch seed=421: nrmse=1.4924101855215954e-09 wall=3.6821494163013995
198/240 modular_sparse N=16 state_switch seed=431: nrmse=9.731651839899525e-10 wall=3.651397541165352
199/240 modular_sparse N=16 state_switch seed=433: nrmse=7.465991002479087e-10 wall=3.7044990407302976
200/240 modular_sparse N=16 state_switch seed=439: nrmse=1.4966822789119982e-09 wall=3.8682801672257483
201/240 modular_sparse N=64 smooth seed=419: nrmse=2.399106932942406e-10 wall=17.9552034586668
202/240 modular_sparse N=64 smooth seed=421: nrmse=2.728142908787899e-10 wall=18.060774125158787
203/240 modular_sparse N=64 smooth seed=431: nrmse=1.2003347896427205e-10 wall=18.114941291045398
204/240 modular_sparse N=64 smooth seed=433: nrmse=1.7347306603964772e-10 wall=18.97451449977234
205/240 modular_sparse N=64 smooth seed=439: nrmse=2.1372949640173897e-10 wall=18.517989582847804
206/240 modular_sparse N=64 sparse_pulse seed=419: nrmse=4.5356615009771457e-10 wall=23.420892749913037
207/240 modular_sparse N=64 sparse_pulse seed=421: nrmse=5.671272007959362e-10 wall=24.220004208851606
208/240 modular_sparse N=64 sparse_pulse seed=431: nrmse=4.769157290059943e-10 wall=24.250988292042166
209/240 modular_sparse N=64 sparse_pulse seed=433: nrmse=6.319018415615477e-10 wall=25.15974829113111
210/240 modular_sparse N=64 sparse_pulse seed=439: nrmse=7.432897655084174e-10 wall=26.760254540946335
211/240 modular_sparse N=64 dense_burst seed=419: nrmse=6.189165113709472e-10 wall=61.14934025006369
212/240 modular_sparse N=64 dense_burst seed=421: nrmse=9.301654787011679e-10 wall=59.37722199968994
213/240 modular_sparse N=64 dense_burst seed=431: nrmse=9.322336050300929e-10 wall=59.723624374717474
214/240 modular_sparse N=64 dense_burst seed=433: nrmse=9.435158824758046e-10 wall=62.2954055829905
215/240 modular_sparse N=64 dense_burst seed=439: nrmse=1.2603074705125588e-09 wall=74.5985807501711
216/240 modular_sparse N=64 state_switch seed=419: nrmse=6.56081329256482e-10 wall=28.016805792227387
217/240 modular_sparse N=64 state_switch seed=421: nrmse=1.0451907770021175e-09 wall=27.715163792017847
218/240 modular_sparse N=64 state_switch seed=431: nrmse=7.388115842434361e-10 wall=27.60041349986568
219/240 modular_sparse N=64 state_switch seed=433: nrmse=9.56566863423159e-10 wall=28.322285374626517
220/240 modular_sparse N=64 state_switch seed=439: nrmse=9.110528306646032e-10 wall=30.64872904215008
221/240 modular_sparse N=128 smooth seed=419: nrmse=2.341446058648813e-10 wall=48.0092384996824
222/240 modular_sparse N=128 smooth seed=421: nrmse=3.680966074590127e-10 wall=47.36125025013462
223/240 modular_sparse N=128 smooth seed=431: nrmse=3.590940738342313e-10 wall=47.121315374970436
224/240 modular_sparse N=128 smooth seed=433: nrmse=1.9770445706318609e-10 wall=47.22311075031757
225/240 modular_sparse N=128 smooth seed=439: nrmse=2.2319443710161635e-10 wall=46.87458691606298
226/240 modular_sparse N=128 sparse_pulse seed=419: nrmse=4.761935526721793e-10 wall=63.18076491635293
227/240 modular_sparse N=128 sparse_pulse seed=421: nrmse=5.283665489705514e-10 wall=68.12040966702625
228/240 modular_sparse N=128 sparse_pulse seed=431: nrmse=4.674153987039805e-10 wall=65.78119733417407
229/240 modular_sparse N=128 sparse_pulse seed=433: nrmse=3.6800595183231425e-10 wall=61.81136841699481
230/240 modular_sparse N=128 sparse_pulse seed=439: nrmse=4.812109831920307e-10 wall=70.86782808275893
231/240 modular_sparse N=128 dense_burst seed=419: nrmse=6.307928859980812e-10 wall=186.88244858384132
232/240 modular_sparse N=128 dense_burst seed=421: nrmse=8.13626952989442e-10 wall=176.20534945791587
233/240 modular_sparse N=128 dense_burst seed=431: nrmse=8.055781431727336e-10 wall=183.69475700007752
234/240 modular_sparse N=128 dense_burst seed=433: nrmse=6.376271297497085e-10 wall=183.47109554195777
235/240 modular_sparse N=128 dense_burst seed=439: nrmse=6.926752469060735e-10 wall=173.03511858312413
236/240 modular_sparse N=128 state_switch seed=419: nrmse=7.616995654327824e-10 wall=76.64881699997932
237/240 modular_sparse N=128 state_switch seed=421: nrmse=7.461216021029344e-10 wall=77.1896790843457
238/240 modular_sparse N=128 state_switch seed=431: nrmse=7.332731011252297e-10 wall=78.49942449992523
239/240 modular_sparse N=128 state_switch seed=433: nrmse=6.393266048687805e-10 wall=79.5107631245628
240/240 modular_sparse N=128 state_switch seed=439: nrmse=8.226011510806126e-10 wall=76.0296222907491
{
  "contract": "contracts/V03_4I_CONFIRMATORY.yaml",
  "contract_sha256": "98e734a02a020fefa7597283572ca6c3ab3e6c826232ef505f11050464bd37a9",
  "calibration_contract_sha256": "0587a37039ddeb785d5c14b035ca5415d5fda0634598880172f2df0d06dc8db8",
  "code_sha256": {
    "src/events/ode_segment_scheduler.py": "67df7cfb70c734db0dfb6833148cac4545d78fdfaf5a17770deb222fab420a3d",
    "src/events/inputs.py": "eecd35cd0a78d2f14428a42a451d41e1fb1aed5a78a27f61bcb6de189e0c15ff",
    "src/dynamics/tasks.py": "bfa5d2b331f97e70541eebc8ba124548794d2cb4f45b3cd609a70970c5a486af",
    "src/solvers/oracle.py": "9ebea48726cded0ce84b867bfb735c9fbae47aceb321b489c056625fab3d3019",
    "experiments/WP1_v034i_confirm/run_confirmatory.py": "62d2bd0e6170c2292606e16540b4422eb3e74b38a6d07b19923f58c92ff29e00"
  },
  "status": "FULL_CONFIRMATORY_SCOPE_PASSED",
  "scope_instances": 240,
  "completed_instances": 240,
  "runtime_failures": 0,
  "accuracy_pass_rows": 240,
  "accuracy_fail_rows": 0,
  "nrmse_limit": 6.837551017609374e-08,
  "max_nrmse": 4.2634849884279e-09,
  "downstream_science_executed": false,
  "elapsed_seconds": 4601.515429541934,
  "raw_rows": "confirmatory_raw.jsonl",
  "event_log": "events.jsonl.gz"
}
