1/96 chain N=16 smooth seed=401: nrmse=8.448650406354215e-10 wall=1.184657041914761
2/96 chain N=16 smooth seed=409: nrmse=5.6068175187332e-10 wall=1.2013311251066625
3/96 chain N=16 sparse_pulse seed=401: nrmse=9.336117368659997e-10 wall=1.4314035000279546
4/96 chain N=16 sparse_pulse seed=409: nrmse=5.643404813861364e-10 wall=1.3718107920140028
5/96 chain N=16 dense_burst seed=401: nrmse=9.306061114162856e-10 wall=2.6845342498272657
6/96 chain N=16 dense_burst seed=409: nrmse=5.753030691937909e-10 wall=2.3561553331092
7/96 chain N=16 state_switch seed=401: nrmse=9.5385085086284e-10 wall=1.5595427500084043
8/96 chain N=16 state_switch seed=409: nrmse=5.676930294329133e-10 wall=1.4634279171004891
9/96 chain N=64 smooth seed=401: nrmse=1.4416283262020107e-09 wall=4.912720624823123
10/96 chain N=64 smooth seed=409: nrmse=7.969090644414104e-10 wall=4.8769505000673234
11/96 chain N=64 sparse_pulse seed=401: nrmse=1.5073380154896399e-09 wall=5.66026220889762
12/96 chain N=64 sparse_pulse seed=409: nrmse=7.861721989718182e-10 wall=5.598802916705608
13/96 chain N=64 dense_burst seed=401: nrmse=1.521615009411863e-09 wall=9.412991249933839
14/96 chain N=64 dense_burst seed=409: nrmse=9.437329290554311e-10 wall=9.017205791082233
15/96 chain N=64 state_switch seed=401: nrmse=1.4794042489760592e-09 wall=5.863010374829173
16/96 chain N=64 state_switch seed=409: nrmse=8.116382176236166e-10 wall=5.916552583221346
17/96 chain N=128 smooth seed=401: nrmse=9.515145146167227e-10 wall=9.764523790683597
18/96 chain N=128 smooth seed=409: nrmse=9.77578261886452e-10 wall=9.673474417068064
19/96 chain N=128 sparse_pulse seed=401: nrmse=1.0052702103960213e-09 wall=11.161204167176038
20/96 chain N=128 sparse_pulse seed=409: nrmse=1.0252143204362288e-09 wall=11.206331457942724
21/96 chain N=128 dense_burst seed=401: nrmse=1.0486661652722858e-09 wall=17.939238750375807
22/96 chain N=128 dense_burst seed=409: nrmse=1.0575654027691597e-09 wall=17.312717207707465
23/96 chain N=128 state_switch seed=401: nrmse=1.040620023903203e-09 wall=11.565312250051647
24/96 chain N=128 state_switch seed=409: nrmse=1.051552637180207e-09 wall=11.52978854207322
25/96 star N=16 smooth seed=401: nrmse=3.372321469126606e-11 wall=1.641841792035848
26/96 star N=16 smooth seed=409: nrmse=4.665379595764326e-11 wall=1.6787610002793372
27/96 star N=16 sparse_pulse seed=401: nrmse=1.113670411837583e-10 wall=2.1647981251589954
28/96 star N=16 sparse_pulse seed=409: nrmse=8.474689056625769e-11 wall=2.1325501669198275
29/96 star N=16 dense_burst seed=401: nrmse=1.1440820123220517e-10 wall=7.373910875059664
30/96 star N=16 dense_burst seed=409: nrmse=8.749786321547406e-11 wall=6.981196333188564
31/96 star N=16 state_switch seed=401: nrmse=1.1057556492467524e-10 wall=3.056989709381014
32/96 star N=16 state_switch seed=409: nrmse=1.3447212052776076e-10 wall=2.897228082641959
33/96 star N=64 smooth seed=401: nrmse=1.5199304506620653e-10 wall=6.763161915820092
34/96 star N=64 smooth seed=409: nrmse=4.348454180063911e-09 wall=6.7598815420642495
35/96 star N=64 sparse_pulse seed=401: nrmse=1.8258260646332588e-10 wall=8.37868587533012
36/96 star N=64 sparse_pulse seed=409: nrmse=1.2754853051664143e-10 wall=8.303707874845713
37/96 star N=64 dense_burst seed=401: nrmse=2.8436480114371587e-10 wall=28.223939542192966
38/96 star N=64 dense_burst seed=409: nrmse=2.983839998902527e-10 wall=25.517038458026946
39/96 star N=64 state_switch seed=401: nrmse=6.348296098960437e-10 wall=11.969518082682043
40/96 star N=64 state_switch seed=409: nrmse=3.1660705079590755e-10 wall=11.461628542281687
41/96 star N=128 smooth seed=401: nrmse=1.1101960502099346e-09 wall=13.63887962512672
42/96 star N=128 smooth seed=409: nrmse=3.79812305811279e-12 wall=13.543526750057936
43/96 star N=128 sparse_pulse seed=401: nrmse=1.1621607826172395e-10 wall=16.870619624853134
44/96 star N=128 sparse_pulse seed=409: nrmse=2.270251995720807e-09 wall=22.337427832651883
45/96 star N=128 dense_burst seed=401: nrmse=2.7077651756211596e-10 wall=49.25933824991807
46/96 star N=128 dense_burst seed=409: nrmse=3.985412349347261e-09 wall=59.73621145775542
47/96 star N=128 state_switch seed=401: nrmse=1.9932137170151845e-10 wall=22.959243083372712
48/96 star N=128 state_switch seed=409: nrmse=1.7886400544082274e-10 wall=23.775831541977823
49/96 feedback_ring N=16 smooth seed=401: nrmse=4.823548295527092e-10 wall=1.7273609577678144
50/96 feedback_ring N=16 smooth seed=409: nrmse=4.593702762441078e-10 wall=1.7150526666082442
51/96 feedback_ring N=16 sparse_pulse seed=401: nrmse=8.102676195638289e-10 wall=2.3101478340104222
52/96 feedback_ring N=16 sparse_pulse seed=409: nrmse=1.5461240880744446e-09 wall=2.1438893331214786
53/96 feedback_ring N=16 dense_burst seed=401: nrmse=1.276129960370177e-09 wall=4.952866875100881
54/96 feedback_ring N=16 dense_burst seed=409: nrmse=2.6881883151791686e-09 wall=4.493302458897233
55/96 feedback_ring N=16 state_switch seed=401: nrmse=6.639002256909895e-10 wall=2.5122824581339955
56/96 feedback_ring N=16 state_switch seed=409: nrmse=4.679983170106768e-10 wall=2.370046209078282
57/96 feedback_ring N=64 smooth seed=401: nrmse=4.828239397289049e-10 wall=6.804351500235498
58/96 feedback_ring N=64 smooth seed=409: nrmse=4.352277039326894e-10 wall=6.863876250106841
59/96 feedback_ring N=64 sparse_pulse seed=401: nrmse=8.837274417648554e-10 wall=8.576628875453025
60/96 feedback_ring N=64 sparse_pulse seed=409: nrmse=1.3812743098836784e-09 wall=8.686296167317778
61/96 feedback_ring N=64 dense_burst seed=401: nrmse=1.3565015346050938e-09 wall=16.264268457889557
62/96 feedback_ring N=64 dense_burst seed=409: nrmse=2.0610958570464648e-09 wall=16.40581904212013
63/96 feedback_ring N=64 state_switch seed=401: nrmse=5.350364558378624e-10 wall=8.891720834188163
64/96 feedback_ring N=64 state_switch seed=409: nrmse=7.890749656904697e-10 wall=8.874515207950026
65/96 feedback_ring N=128 smooth seed=401: nrmse=6.813328517380572e-10 wall=13.869461291935295
66/96 feedback_ring N=128 smooth seed=409: nrmse=5.902324858555677e-10 wall=13.82205570815131
67/96 feedback_ring N=128 sparse_pulse seed=401: nrmse=1.1543831591236854e-09 wall=17.176205874886364
68/96 feedback_ring N=128 sparse_pulse seed=409: nrmse=1.2144352800523833e-09 wall=17.23066799994558
69/96 feedback_ring N=128 dense_burst seed=401: nrmse=1.8154251620167234e-09 wall=32.2718711248599
70/96 feedback_ring N=128 dense_burst seed=409: nrmse=2.0816577714925686e-09 wall=32.23819583281875
71/96 feedback_ring N=128 state_switch seed=401: nrmse=7.303144400028721e-10 wall=17.936878874897957
72/96 feedback_ring N=128 state_switch seed=409: nrmse=6.684304211704992e-10 wall=17.90678183408454
73/96 modular_sparse N=16 smooth seed=401: nrmse=6.312037609089081e-11 wall=2.711517167277634
74/96 modular_sparse N=16 smooth seed=409: nrmse=2.2481091886568587e-10 wall=2.4964110828004777
75/96 modular_sparse N=16 sparse_pulse seed=401: nrmse=1.3300113107036754e-09 wall=4.0414419593289495
76/96 modular_sparse N=16 sparse_pulse seed=409: nrmse=3.255560303064691e-09 wall=3.438025916926563
77/96 modular_sparse N=16 dense_burst seed=401: nrmse=2.0582828519186447e-09 wall=11.916699124965817
78/96 modular_sparse N=16 dense_burst seed=409: nrmse=5.5742639352578454e-09 wall=7.933668083976954
79/96 modular_sparse N=16 state_switch seed=401: nrmse=1.2115924819654068e-09 wall=4.71469737496227
80/96 modular_sparse N=16 state_switch seed=409: nrmse=3.3125750300146863e-09 wall=3.594734041020274
81/96 modular_sparse N=64 smooth seed=401: nrmse=2.819632816901622e-10 wall=18.025103624910116
82/96 modular_sparse N=64 smooth seed=409: nrmse=4.37637356602641e-10 wall=18.571386167313904
83/96 modular_sparse N=64 sparse_pulse seed=401: nrmse=7.410170227883305e-10 wall=24.138831708114594
84/96 modular_sparse N=64 sparse_pulse seed=409: nrmse=8.223970644095833e-10 wall=25.278500041924417
85/96 modular_sparse N=64 dense_burst seed=401: nrmse=1.058084503994912e-09 wall=59.579106166027486
86/96 modular_sparse N=64 dense_burst seed=409: nrmse=1.2354734146145623e-09 wall=63.46240649977699
87/96 modular_sparse N=64 state_switch seed=401: nrmse=6.817747436229657e-10 wall=27.573911250103265
88/96 modular_sparse N=64 state_switch seed=409: nrmse=9.104685808900203e-10 wall=28.156293916981667
89/96 modular_sparse N=128 smooth seed=401: nrmse=1.3252987513887436e-10 wall=47.63392320787534
90/96 modular_sparse N=128 smooth seed=409: nrmse=1.0644175988035582e-10 wall=47.89937383309007
91/96 modular_sparse N=128 sparse_pulse seed=401: nrmse=6.426070505681695e-10 wall=64.98032441595569
92/96 modular_sparse N=128 sparse_pulse seed=409: nrmse=4.778333709727211e-10 wall=68.44203445874155
93/96 modular_sparse N=128 dense_burst seed=401: nrmse=9.599786406470213e-10 wall=177.5267836251296
94/96 modular_sparse N=128 dense_burst seed=409: nrmse=6.94481585989611e-10 wall=188.4006239590235
95/96 modular_sparse N=128 state_switch seed=401: nrmse=1.1831449232853229e-09 wall=75.53566987486556
96/96 modular_sparse N=128 state_switch seed=409: nrmse=7.562685128678978e-10 wall=78.50611541606486
{
  "contract": "contracts/V03_4I_LOCAL_BATCH2_CALIBRATION.yaml",
  "contract_sha256": "0587a37039ddeb785d5c14b035ca5415d5fda0634598880172f2df0d06dc8db8",
  "code_sha256": {
    "src/events/ode_segment_scheduler.py": "67df7cfb70c734db0dfb6833148cac4545d78fdfaf5a17770deb222fab420a3d",
    "src/events/inputs.py": "eecd35cd0a78d2f14428a42a451d41e1fb1aed5a78a27f61bcb6de189e0c15ff",
    "src/dynamics/tasks.py": "bfa5d2b331f97e70541eebc8ba124548794d2cb4f45b3cd609a70970c5a486af",
    "src/solvers/oracle.py": "9ebea48726cded0ce84b867bfb735c9fbae47aceb321b489c056625fab3d3019",
    "experiments/WP1_v034i/calibrate_local_batch2.py": "ea37cc6f568da2b47e75c404089c5e7066ceb2990bd07d881e6f29a1994c1c7b"
  },
  "status": "FULL_CALIBRATION_SCOPE_PASSED",
  "scope_instances": 96,
  "completed_instances": 96,
  "runtime_failures": 0,
  "accuracy_pass_rows": 96,
  "accuracy_fail_rows": 0,
  "nrmse_limit": 6.837551017609374e-08,
  "max_nrmse": 5.5742639352578454e-09,
  "confirmatory_seeds_used": false,
  "downstream_science_executed": false,
  "elapsed_seconds": 1883.6393109159544,
  "raw_rows": "calibration_raw.jsonl",
  "event_log": "events.jsonl.gz"
}
